// Jest Snapshot v1, https://goo.gl/fbAQLP

exports[`Link matches snapshot 1`] = `
<DocumentFragment>
  <a
    class="inline-flex items-center font-medium transition duration-200 px-4 py-2 text-sm"
    href="/"
  >
    Test
  </a>
</DocumentFragment>
`;
