// Jest Snapshot v1, https://goo.gl/fbAQLP

exports[`InputLayout should match snapshot 1`] = `
<DocumentFragment>
  <div>
    <div
      class="flex justify-between"
    >
      <label
        class="flex items-center text-sm font-medium text-gray-700"
        for="simpleName"
      >
        Just a simple label
      </label>
      <span
        class="text-sm text-gray-500"
        id="email-optional"
      >
        Just a hint
      </span>
    </div>
    <div
      class="mt-1 relative rounded-md"
    >
      Just a simple text
      <div
        class="absolute inset-y-0 right-0 pr-3 flex items-center pointer-events-none"
      >
        <svg
          aria-hidden="true"
          class="h-5 w-5 text-red-500"
          fill="currentColor"
          viewBox="0 0 24 24"
          xmlns="http://www.w3.org/2000/svg"
        >
          <path
            clip-rule="evenodd"
            d="M2.25 12c0-5.385 4.365-9.75 9.75-9.75s9.75 4.365 9.75 9.75-4.365 9.75-9.75 9.75S2.25 17.385 2.25 12zM12 8.25a.75.75 0 01.75.75v3.75a.75.75 0 01-1.5 0V9a.75.75 0 01.75-.75zm0 8.25a.75.75 0 100-1.5.75.75 0 000 1.5z"
            fill-rule="evenodd"
          />
        </svg>
      </div>
    </div>
    <p
      class="mt-2 text-sm text-red-600"
      id="error"
    >
      Something wrong happened
    </p>
  </div>
</DocumentFragment>
`;
