// Jest Snapshot v1, https://goo.gl/fbAQLP

exports[`Button matches snapshot 1`] = `
<DocumentFragment>
  <button
    class="inline-flex items-center font-medium transition duration-200 rounded-lg shadow-sm border border-gray-300 text-gray-700 bg-white hover:bg-gray-50 focus:outline-none focus:ring-2 focus:ring-offset-2 focus:ring-primary-500 px-4 py-2 text-sm"
    type="button"
  >
    A Simple Button
  </button>
</DocumentFragment>
`;
